// Jest Snapshot v1, https://goo.gl/fbAQLP

exports[`withContexts HOC should return all context providers 1`] = `
<ToggleContextProvider>
  <DialContextProvider
    dials={
      Object {
        "mpulse": false,
      }
    }
  >
    <ServiceContextProvider
      service="news"
    >
      <RequestContextProvider
        bbcOrigin="https://www.bbc.com"
        id="c0000000000o"
        isAmp={true}
        pageType="article"
        previousPath={null}
        service="news"
      >
        <Component
          bbcOrigin="https://www.bbc.com"
          dials={
            Object {
              "mpulse": false,
            }
          }
          id="c0000000000o"
          isAmp={true}
          pageType="article"
          previousPath={null}
          service="news"
        />
      </RequestContextProvider>
    </ServiceContextProvider>
  </DialContextProvider>
</ToggleContextProvider>
`;
